// Jest Snapshot v1, https://goo.gl/fbAQLP

exports[`async-arrow-invalid.js error test 1`] = `
"Type parameters must come after the async keyword, e.g. instead of \`<T> async (3:1)
  1 | // https://github.com/babel/babel/pull/11979
  2 | 
> 3 | <T> async () => {}
    | ^
  4 | "
`;

exports[`async-arrow-invalid.js error test 2`] = `
"Type parameters must come after the async keyword, e.g. instead of \`<T> async (3:1)
  1 | // https://github.com/babel/babel/pull/11979
  2 | 
> 3 | <T> async () => {}
    | ^
  4 | "
`;
